2025-08-30 11:45:45,385 ERROR: Unhandled exception: Could not build url for endpoint 'treasury.index'. Did you mean 'treasury.safes_index' instead?
Traceback (most recent call last):
  File "/home/ubuntu/.local/lib/python3.13/site-packages/flask/app.py", line 867, in full_dispatch_request
    rv = self.dispatch_request()
  File "/home/ubuntu/.local/lib/python3.13/site-packages/flask/app.py", line 852, in dispatch_request
    return self.ensure_sync(self.view_functions[rule.endpoint])(**view_args)
           ~~~~~~~~~~~~~~~~~~~~~~~~~~~~~~~~~~~~~~~~~~~~~~~~~~~~^^^^^^^^^^^^^
  File "/workspace/acc/services/project_selection.py", line 56, in decorated_function
    return f(*args, **kwargs)
  File "/workspace/acc/blueprints/dashboard/routes.py", line 74, in index
    return render_template('dashboard/index.html',
        total_sales=total_sales,
    ...<8 lines>...
        format_currency=format_currency
    )
  File "/home/ubuntu/.local/lib/python3.13/site-packages/flask/templating.py", line 152, in render_template
    return _render(app, template, context)
  File "/home/ubuntu/.local/lib/python3.13/site-packages/flask/templating.py", line 133, in _render
    rv = template.render(context)
  File "/home/ubuntu/.local/lib/python3.13/site-packages/jinja2/environment.py", line 1301, in render
    self.environment.handle_exception()
    ~~~~~~~~~~~~~~~~~~~~~~~~~~~~~~~~~^^
  File "/home/ubuntu/.local/lib/python3.13/site-packages/jinja2/environment.py", line 936, in handle_exception
    raise rewrite_traceback_stack(source=source)
  File "/workspace/acc/blueprints/dashboard/templates/dashboard/index.html", line 1, in top-level template code
    {% extends "base.html" %}
  File "/workspace/acc/templates/base.html", line 100, in top-level template code
    <a href="{{ url_for('treasury.index') }}"
    ^^^^^
  File "/home/ubuntu/.local/lib/python3.13/site-packages/flask/app.py", line 1071, in url_for
    return self.handle_url_build_error(error, endpoint, values)
           ~~~~~~~~~~~~~~~~~~~~~~~~~~~^^^^^^^^^^^^^^^^^^^^^^^^^
  File "/home/ubuntu/.local/lib/python3.13/site-packages/flask/app.py", line 1060, in url_for
    rv = url_adapter.build(  # type: ignore[union-attr]
        endpoint,
    ...<3 lines>...
        force_external=_external,
    )
  File "/home/ubuntu/.local/lib/python3.13/site-packages/werkzeug/routing/map.py", line 924, in build
    raise BuildError(endpoint, values, method, self)
werkzeug.routing.exceptions.BuildError: Could not build url for endpoint 'treasury.index'. Did you mean 'treasury.safes_index' instead?
 [in /workspace/acc/__init__.py:162]
2025-08-30 11:52:42,522 ERROR: Unhandled exception: 'get_current_project' is undefined
Traceback (most recent call last):
  File "/home/ubuntu/.local/lib/python3.13/site-packages/flask/app.py", line 867, in full_dispatch_request
    rv = self.dispatch_request()
  File "/home/ubuntu/.local/lib/python3.13/site-packages/flask/app.py", line 852, in dispatch_request
    return self.ensure_sync(self.view_functions[rule.endpoint])(**view_args)
           ~~~~~~~~~~~~~~~~~~~~~~~~~~~~~~~~~~~~~~~~~~~~~~~~~~~~^^^^^^^^^^^^^
  File "/workspace/acc/services/project_selection.py", line 56, in decorated_function
    return f(*args, **kwargs)
  File "/workspace/acc/blueprints/dashboard/routes.py", line 74, in index
    return render_template('dashboard/index.html',
        total_sales=total_sales,
    ...<8 lines>...
        format_currency=format_currency
    )
  File "/home/ubuntu/.local/lib/python3.13/site-packages/flask/templating.py", line 152, in render_template
    return _render(app, template, context)
  File "/home/ubuntu/.local/lib/python3.13/site-packages/flask/templating.py", line 133, in _render
    rv = template.render(context)
  File "/home/ubuntu/.local/lib/python3.13/site-packages/jinja2/environment.py", line 1301, in render
    self.environment.handle_exception()
    ~~~~~~~~~~~~~~~~~~~~~~~~~~~~~~~~~^^
  File "/home/ubuntu/.local/lib/python3.13/site-packages/jinja2/environment.py", line 936, in handle_exception
    raise rewrite_traceback_stack(source=source)
  File "/workspace/acc/blueprints/dashboard/templates/dashboard/index.html", line 1, in top-level template code
    {% extends "base.html" %}
  File "/workspace/acc/templates/base.html", line 144, in top-level template code
    {% if get_current_project() %}
    ^
  File "/home/ubuntu/.local/lib/python3.13/site-packages/jinja2/utils.py", line 83, in from_obj
    if hasattr(obj, "jinja_pass_arg"):
       ~~~~~~~^^^^^^^^^^^^^^^^^^^^^^^
jinja2.exceptions.UndefinedError: 'get_current_project' is undefined
 [in /workspace/acc/__init__.py:162]
2025-08-30 11:53:35,515 ERROR: Unhandled exception: 'datetime.datetime object' has no attribute 'format'
Traceback (most recent call last):
  File "/home/ubuntu/.local/lib/python3.13/site-packages/flask/app.py", line 867, in full_dispatch_request
    rv = self.dispatch_request()
  File "/home/ubuntu/.local/lib/python3.13/site-packages/flask/app.py", line 852, in dispatch_request
    return self.ensure_sync(self.view_functions[rule.endpoint])(**view_args)
           ~~~~~~~~~~~~~~~~~~~~~~~~~~~~~~~~~~~~~~~~~~~~~~~~~~~~^^^^^^^^^^^^^
  File "/workspace/acc/services/project_selection.py", line 56, in decorated_function
    return f(*args, **kwargs)
  File "/workspace/acc/blueprints/dashboard/routes.py", line 74, in index
    return render_template('dashboard/index.html',
        total_sales=total_sales,
    ...<8 lines>...
        format_currency=format_currency
    )
  File "/home/ubuntu/.local/lib/python3.13/site-packages/flask/templating.py", line 152, in render_template
    return _render(app, template, context)
  File "/home/ubuntu/.local/lib/python3.13/site-packages/flask/templating.py", line 133, in _render
    rv = template.render(context)
  File "/home/ubuntu/.local/lib/python3.13/site-packages/jinja2/environment.py", line 1301, in render
    self.environment.handle_exception()
    ~~~~~~~~~~~~~~~~~~~~~~~~~~~~~~~~~^^
  File "/home/ubuntu/.local/lib/python3.13/site-packages/jinja2/environment.py", line 936, in handle_exception
    raise rewrite_traceback_stack(source=source)
  File "/workspace/acc/blueprints/dashboard/templates/dashboard/index.html", line 1, in top-level template code
    {% extends "base.html" %}
  File "/workspace/acc/templates/base.html", line 159, in top-level template code
    {{ moment().format('DD/MM/YYYY') }}
    ^
  File "/home/ubuntu/.local/lib/python3.13/site-packages/jinja2/utils.py", line 83, in from_obj
    if hasattr(obj, "jinja_pass_arg"):
       ~~~~~~~^^^^^^^^^^^^^^^^^^^^^^^
jinja2.exceptions.UndefinedError: 'datetime.datetime object' has no attribute 'format'
 [in /workspace/acc/__init__.py:173]
2025-08-30 11:58:30,244 ERROR: Unhandled exception: project
Traceback (most recent call last):
  File "/home/ubuntu/.local/lib/python3.13/site-packages/flask/app.py", line 867, in full_dispatch_request
    rv = self.dispatch_request()
  File "/home/ubuntu/.local/lib/python3.13/site-packages/flask/app.py", line 852, in dispatch_request
    return self.ensure_sync(self.view_functions[rule.endpoint])(**view_args)
           ~~~~~~~~~~~~~~~~~~~~~~~~~~~~~~~~~~~~~~~~~~~~~~~~~~~~^^^^^^^^^^^^^
  File "/workspace/acc/blueprints/contracts/routes.py", line 22, in index
    query = Contract.query.filter_by(project_id=g.project.id)
                                                ^^^^^^^^^
  File "/home/ubuntu/.local/lib/python3.13/site-packages/flask/ctx.py", line 54, in __getattr__
    raise AttributeError(name) from None
AttributeError: project
 [in /workspace/acc/__init__.py:173]
